// Jest Snapshot v1, https://goo.gl/fbAQLP

exports[`<Login /> renders the login page 1`] = `
<DocumentFragment>
  <main>
    <div
      class="container"
    >
      <div
        class="justify-content-center row"
      >
        <div
          class="col-lg-5"
        >
          <div
            class="border-0 rounded-lg mt-5 card"
          >
            <div
              class="card-header"
            >
              Orchard Homes Ditch Database
            </div>
            <div
              class="card-body"
            >
              <div
                class="card-title h5"
              >
                Login
              </div>
              <form
                class=""
                novalidate=""
              >
                <div
                  class="mb-3"
                >
                  <label
                    class="form-label"
                    for="inputEmail"
                  >
                    Email address
                  </label>
                  <input
                    class="form-control"
                    id="inputEmail"
                    name="email"
                    placeholder="name@example.com"
                    required=""
                    type="email"
                  />
                  <div
                    class="valid-feedback"
                  >
                    Looks good!
                  </div>
                  <div
                    class="invalid-feedback"
                  >
                    Please provide an email address to login.
                  </div>
                </div>
                <div
                  class="mb-3"
                >
                  <label
                    class="form-label"
                    for="inputPassword"
                  >
                    Password
                  </label>
                  <input
                    class="form-control"
                    id="inputPassword"
                    name="current-password"
                    placeholder="Password"
                    required=""
                    type="password"
                  />
                  <div
                    class="valid-feedback"
                  >
                    Looks good!
                  </div>
                  <div
                    class="invalid-feedback"
                  >
                    Please provide a password to login.
                  </div>
                </div>
                <div
                  class="d-flex align-items-center justify-content-between mt-4 mb-0"
                >
                  <a
                    class="small"
                    href="password.html"
                  >
                    Forgot Password?
                  </a>
                  <button
                    class="btn btn-primary"
                    type="submit"
                  >
                    Login
                  </button>
                </div>
              </form>
            </div>
            <div
              class="text-center py-3 card-footer"
            />
          </div>
        </div>
      </div>
    </div>
  </main>
  <footer
    class="py-4 bg-light mt-auto"
  >
    <div
      class="container-fluid px-4"
    >
      <div
        class="d-flex align-items-center justify-content-between small"
      >
        <div
          class="text-muted"
        >
          Copyright © ZooTown Apps 2022
        </div>
        <div>
          <a
            href="#"
          >
            Privacy Policy
          </a>
          ·
          <a
            href="#"
          >
            Terms & Conditions
          </a>
        </div>
      </div>
    </div>
  </footer>
</DocumentFragment>
`;
