// Jest Snapshot v1, https://goo.gl/fbAQLP

exports[`Test filtering the list of records should display a filtered list of a records 1`] = `
Object {
  "asFragment": [Function],
  "baseElement": <body>
    <div>
      <section
        class="container-fluid data-view h-100 overflow-hidden"
      >
        <div
          class="card"
        >
          <div
            class="row h-100 overflow-hidden"
          >
            <div
              class="col-3 d-none d-lg-block h-100 overflow-scroll"
            >
              <article
                class="list-view"
              >
                <header
                  class="visually-hidden"
                >
                  <h4>
                    List of records
                  </h4>
                </header>
                <ul
                  class="list-group list-group-flush"
                >
                  <li
                    class="nav-item list-group-item"
                  >
                    <a
                      class="lh-sm"
                      href="/1"
                    >
                      <h5>
                        Schumm Group
                      </h5>
                      <span
                        class="text-muted"
                      >
                        Pre-emptive system-worthy alliance
                      </span>
                    </a>
                  </li>
                  <li
                    class="nav-item list-group-item"
                  >
                    <a
                      class="lh-sm"
                      href="/2"
                    >
                      <h5>
                        Wiza - Crist
                      </h5>
                      <span
                        class="text-muted"
                      >
                        Decentralized intangible structure
                      </span>
                    </a>
                  </li>
                  <li
                    class="nav-item list-group-item"
                  >
                    <a
                      class="lh-sm"
                      href="/3"
                    >
                      <h5>
                        Stamm LLC
                      </h5>
                      <span
                        class="text-muted"
                      >
                        Multi-channelled 3rd generation attitude
                      </span>
                    </a>
                  </li>
                  <li
                    class="nav-item list-group-item"
                  >
                    <a
                      class="lh-sm"
                      href="/4"
                    >
                      <h5>
                        O'Keefe - Funk
                      </h5>
                      <span
                        class="text-muted"
                      >
                        Front-line clear-thinking support
                      </span>
                    </a>
                  </li>
                  <li
                    class="nav-item list-group-item"
                  >
                    <a
                      class="lh-sm"
                      href="/5"
                    >
                      <h5>
                        Kling, Koch and Zulauf
                      </h5>
                      <span
                        class="text-muted"
                      >
                        Devolved discrete contingency
                      </span>
                    </a>
                  </li>
                  <li
                    class="nav-item list-group-item"
                  >
                    <a
                      class="lh-sm"
                      href="/6"
                    >
                      <h5>
                        Heaney Group
                      </h5>
                      <span
                        class="text-muted"
                      >
                        Vision-oriented reciprocal synergy
                      </span>
                    </a>
                  </li>
                  <li
                    class="nav-item list-group-item"
                  >
                    <a
                      class="lh-sm"
                      href="/7"
                    >
                      <h5>
                        Turcotte, Upton and Koch
                      </h5>
                      <span
                        class="text-muted"
                      >
                        Grass-roots tertiary website
                      </span>
                    </a>
                  </li>
                  <li
                    class="nav-item list-group-item"
                  >
                    <a
                      class="lh-sm"
                      href="/8"
                    >
                      <h5>
                        Wuckert LLC
                      </h5>
                      <span
                        class="text-muted"
                      >
                        Advanced national core
                      </span>
                    </a>
                  </li>
                  <li
                    class="nav-item list-group-item"
                  >
                    <a
                      class="lh-sm"
                      href="/9"
                    >
                      <h5>
                        Emard Group
                      </h5>
                      <span
                        class="text-muted"
                      >
                        Polarised fresh-thinking model
                      </span>
                    </a>
                  </li>
                  <li
                    class="nav-item list-group-item"
                  >
                    <a
                      class="lh-sm"
                      href="/10"
                    >
                      <h5>
                        Powlowski, Weber and Mosciski
                      </h5>
                      <span
                        class="text-muted"
                      >
                        Enhanced 24 hour knowledge user
                      </span>
                    </a>
                  </li>
                  <li
                    class="nav-item list-group-item"
                  >
                    <a
                      class="lh-sm"
                      href="/11"
                    >
                      <h5>
                        Wolff, Armstrong and Dooley
                      </h5>
                      <span
                        class="text-muted"
                      >
                        Re-contextualized incremental functionalities
                      </span>
                    </a>
                  </li>
                  <li
                    class="nav-item list-group-item"
                  >
                    <a
                      class="lh-sm"
                      href="/12"
                    >
                      <h5>
                        Toy and Sons
                      </h5>
                      <span
                        class="text-muted"
                      >
                        Self-enabling intermediate support
                      </span>
                    </a>
                  </li>
                  <li
                    class="nav-item list-group-item"
                  >
                    <a
                      class="lh-sm"
                      href="/13"
                    >
                      <h5>
                        Gusikowski - Cummerata
                      </h5>
                      <span
                        class="text-muted"
                      >
                        Business-focused disintermediate superstructure
                      </span>
                    </a>
                  </li>
                  <li
                    class="nav-item list-group-item"
                  >
                    <a
                      class="lh-sm"
                      href="/14"
                    >
                      <h5>
                        Bogisich - Greenfelder
                      </h5>
                      <span
                        class="text-muted"
                      >
                        Public-key clear-thinking protocol
                      </span>
                    </a>
                  </li>
                  <li
                    class="nav-item list-group-item"
                  >
                    <a
                      class="lh-sm"
                      href="/15"
                    >
                      <h5>
                        Ebert - Mann
                      </h5>
                      <span
                        class="text-muted"
                      >
                        Seamless secondary application
                      </span>
                    </a>
                  </li>
                  <li
                    class="nav-item list-group-item"
                  >
                    <a
                      class="lh-sm"
                      href="/16"
                    >
                      <h5>
                        Bartoletti, Baumbach and Smitham
                      </h5>
                      <span
                        class="text-muted"
                      >
                        Switchable solution-oriented monitoring
                      </span>
                    </a>
                  </li>
                  <li
                    class="nav-item list-group-item"
                  >
                    <a
                      class="lh-sm"
                      href="/17"
                    >
                      <h5>
                        Ullrich LLC
                      </h5>
                      <span
                        class="text-muted"
                      >
                        Reverse-engineered encompassing monitoring
                      </span>
                    </a>
                  </li>
                  <li
                    class="nav-item list-group-item"
                  >
                    <a
                      class="lh-sm"
                      href="/18"
                    >
                      <h5>
                        Hirthe - Fritsch
                      </h5>
                      <span
                        class="text-muted"
                      >
                        Expanded empowering adapter
                      </span>
                    </a>
                  </li>
                  <li
                    class="nav-item list-group-item"
                  >
                    <a
                      class="lh-sm"
                      href="/19"
                    >
                      <h5>
                        Roberts, Schmidt and Morar
                      </h5>
                      <span
                        class="text-muted"
                      >
                        Object-based stable paradigm
                      </span>
                    </a>
                  </li>
                  <li
                    class="nav-item list-group-item"
                  >
                    <a
                      class="lh-sm"
                      href="/20"
                    >
                      <h5>
                        Brown, Wolf and Terry
                      </h5>
                      <span
                        class="text-muted"
                      >
                        Customizable methodical intranet
                      </span>
                    </a>
                  </li>
                </ul>
              </article>
            </div>
            <div
              class="col-12 col-lg-9"
            />
          </div>
        </div>
      </section>
    </div>
  </body>,
  "container": <div>
    <section
      class="container-fluid data-view h-100 overflow-hidden"
    >
      <div
        class="card"
      >
        <div
          class="row h-100 overflow-hidden"
        >
          <div
            class="col-3 d-none d-lg-block h-100 overflow-scroll"
          >
            <article
              class="list-view"
            >
              <header
                class="visually-hidden"
              >
                <h4>
                  List of records
                </h4>
              </header>
              <ul
                class="list-group list-group-flush"
              >
                <li
                  class="nav-item list-group-item"
                >
                  <a
                    class="lh-sm"
                    href="/1"
                  >
                    <h5>
                      Schumm Group
                    </h5>
                    <span
                      class="text-muted"
                    >
                      Pre-emptive system-worthy alliance
                    </span>
                  </a>
                </li>
                <li
                  class="nav-item list-group-item"
                >
                  <a
                    class="lh-sm"
                    href="/2"
                  >
                    <h5>
                      Wiza - Crist
                    </h5>
                    <span
                      class="text-muted"
                    >
                      Decentralized intangible structure
                    </span>
                  </a>
                </li>
                <li
                  class="nav-item list-group-item"
                >
                  <a
                    class="lh-sm"
                    href="/3"
                  >
                    <h5>
                      Stamm LLC
                    </h5>
                    <span
                      class="text-muted"
                    >
                      Multi-channelled 3rd generation attitude
                    </span>
                  </a>
                </li>
                <li
                  class="nav-item list-group-item"
                >
                  <a
                    class="lh-sm"
                    href="/4"
                  >
                    <h5>
                      O'Keefe - Funk
                    </h5>
                    <span
                      class="text-muted"
                    >
                      Front-line clear-thinking support
                    </span>
                  </a>
                </li>
                <li
                  class="nav-item list-group-item"
                >
                  <a
                    class="lh-sm"
                    href="/5"
                  >
                    <h5>
                      Kling, Koch and Zulauf
                    </h5>
                    <span
                      class="text-muted"
                    >
                      Devolved discrete contingency
                    </span>
                  </a>
                </li>
                <li
                  class="nav-item list-group-item"
                >
                  <a
                    class="lh-sm"
                    href="/6"
                  >
                    <h5>
                      Heaney Group
                    </h5>
                    <span
                      class="text-muted"
                    >
                      Vision-oriented reciprocal synergy
                    </span>
                  </a>
                </li>
                <li
                  class="nav-item list-group-item"
                >
                  <a
                    class="lh-sm"
                    href="/7"
                  >
                    <h5>
                      Turcotte, Upton and Koch
                    </h5>
                    <span
                      class="text-muted"
                    >
                      Grass-roots tertiary website
                    </span>
                  </a>
                </li>
                <li
                  class="nav-item list-group-item"
                >
                  <a
                    class="lh-sm"
                    href="/8"
                  >
                    <h5>
                      Wuckert LLC
                    </h5>
                    <span
                      class="text-muted"
                    >
                      Advanced national core
                    </span>
                  </a>
                </li>
                <li
                  class="nav-item list-group-item"
                >
                  <a
                    class="lh-sm"
                    href="/9"
                  >
                    <h5>
                      Emard Group
                    </h5>
                    <span
                      class="text-muted"
                    >
                      Polarised fresh-thinking model
                    </span>
                  </a>
                </li>
                <li
                  class="nav-item list-group-item"
                >
                  <a
                    class="lh-sm"
                    href="/10"
                  >
                    <h5>
                      Powlowski, Weber and Mosciski
                    </h5>
                    <span
                      class="text-muted"
                    >
                      Enhanced 24 hour knowledge user
                    </span>
                  </a>
                </li>
                <li
                  class="nav-item list-group-item"
                >
                  <a
                    class="lh-sm"
                    href="/11"
                  >
                    <h5>
                      Wolff, Armstrong and Dooley
                    </h5>
                    <span
                      class="text-muted"
                    >
                      Re-contextualized incremental functionalities
                    </span>
                  </a>
                </li>
                <li
                  class="nav-item list-group-item"
                >
                  <a
                    class="lh-sm"
                    href="/12"
                  >
                    <h5>
                      Toy and Sons
                    </h5>
                    <span
                      class="text-muted"
                    >
                      Self-enabling intermediate support
                    </span>
                  </a>
                </li>
                <li
                  class="nav-item list-group-item"
                >
                  <a
                    class="lh-sm"
                    href="/13"
                  >
                    <h5>
                      Gusikowski - Cummerata
                    </h5>
                    <span
                      class="text-muted"
                    >
                      Business-focused disintermediate superstructure
                    </span>
                  </a>
                </li>
                <li
                  class="nav-item list-group-item"
                >
                  <a
                    class="lh-sm"
                    href="/14"
                  >
                    <h5>
                      Bogisich - Greenfelder
                    </h5>
                    <span
                      class="text-muted"
                    >
                      Public-key clear-thinking protocol
                    </span>
                  </a>
                </li>
                <li
                  class="nav-item list-group-item"
                >
                  <a
                    class="lh-sm"
                    href="/15"
                  >
                    <h5>
                      Ebert - Mann
                    </h5>
                    <span
                      class="text-muted"
                    >
                      Seamless secondary application
                    </span>
                  </a>
                </li>
                <li
                  class="nav-item list-group-item"
                >
                  <a
                    class="lh-sm"
                    href="/16"
                  >
                    <h5>
                      Bartoletti, Baumbach and Smitham
                    </h5>
                    <span
                      class="text-muted"
                    >
                      Switchable solution-oriented monitoring
                    </span>
                  </a>
                </li>
                <li
                  class="nav-item list-group-item"
                >
                  <a
                    class="lh-sm"
                    href="/17"
                  >
                    <h5>
                      Ullrich LLC
                    </h5>
                    <span
                      class="text-muted"
                    >
                      Reverse-engineered encompassing monitoring
                    </span>
                  </a>
                </li>
                <li
                  class="nav-item list-group-item"
                >
                  <a
                    class="lh-sm"
                    href="/18"
                  >
                    <h5>
                      Hirthe - Fritsch
                    </h5>
                    <span
                      class="text-muted"
                    >
                      Expanded empowering adapter
                    </span>
                  </a>
                </li>
                <li
                  class="nav-item list-group-item"
                >
                  <a
                    class="lh-sm"
                    href="/19"
                  >
                    <h5>
                      Roberts, Schmidt and Morar
                    </h5>
                    <span
                      class="text-muted"
                    >
                      Object-based stable paradigm
                    </span>
                  </a>
                </li>
                <li
                  class="nav-item list-group-item"
                >
                  <a
                    class="lh-sm"
                    href="/20"
                  >
                    <h5>
                      Brown, Wolf and Terry
                    </h5>
                    <span
                      class="text-muted"
                    >
                      Customizable methodical intranet
                    </span>
                  </a>
                </li>
              </ul>
            </article>
          </div>
          <div
            class="col-12 col-lg-9"
          />
        </div>
      </div>
    </section>
  </div>,
  "debug": [Function],
  "findAllByAltText": [Function],
  "findAllByDisplayValue": [Function],
  "findAllByLabelText": [Function],
  "findAllByPlaceholderText": [Function],
  "findAllByRole": [Function],
  "findAllByTestId": [Function],
  "findAllByText": [Function],
  "findAllByTitle": [Function],
  "findByAltText": [Function],
  "findByDisplayValue": [Function],
  "findByLabelText": [Function],
  "findByPlaceholderText": [Function],
  "findByRole": [Function],
  "findByTestId": [Function],
  "findByText": [Function],
  "findByTitle": [Function],
  "getAllByAltText": [Function],
  "getAllByDisplayValue": [Function],
  "getAllByLabelText": [Function],
  "getAllByPlaceholderText": [Function],
  "getAllByRole": [Function],
  "getAllByTestId": [Function],
  "getAllByText": [Function],
  "getAllByTitle": [Function],
  "getByAltText": [Function],
  "getByDisplayValue": [Function],
  "getByLabelText": [Function],
  "getByPlaceholderText": [Function],
  "getByRole": [Function],
  "getByTestId": [Function],
  "getByText": [Function],
  "getByTitle": [Function],
  "queryAllByAltText": [Function],
  "queryAllByDisplayValue": [Function],
  "queryAllByLabelText": [Function],
  "queryAllByPlaceholderText": [Function],
  "queryAllByRole": [Function],
  "queryAllByTestId": [Function],
  "queryAllByText": [Function],
  "queryAllByTitle": [Function],
  "queryByAltText": [Function],
  "queryByDisplayValue": [Function],
  "queryByLabelText": [Function],
  "queryByPlaceholderText": [Function],
  "queryByRole": [Function],
  "queryByTestId": [Function],
  "queryByText": [Function],
  "queryByTitle": [Function],
  "rerender": [Function],
  "unmount": [Function],
}
`;
