// Jest Snapshot v1, https://goo.gl/fbAQLP

exports[`Test filtering the list of records should display a filtered list of a records 1`] = `
Object {
  "asFragment": [Function],
  "baseElement": <body>
    <div>
      <section
        class="container-fluid data-view h-100 overflow-hidden"
      >
        <header
          class="mb-3 row"
        >
          <h3
            class="col-sm-2"
          >
            Records
          </h3>
          <div
            class="col-sm-8"
          >
            <input
              class="form-control"
              name="search"
              placeholder="Search..."
              required=""
              type="search"
              value="LLC"
            />
          </div>
          <div
            class="d-flex align-items-center col-sm-2"
          >
            <button
              class="ms-auto btn btn-primary btn-sm"
              type="button"
            >
              Add record
            </button>
          </div>
        </header>
        <div
          class="card"
        >
          <div
            class="row h-100 overflow-hidden"
          >
            <div
              class="col-3 d-none d-lg-block h-100 overflow-scroll"
            >
              <article
                class="list-view"
              >
                <header
                  class="visually-hidden"
                >
                  <h4>
                    List of records
                  </h4>
                </header>
                <ul
                  class="list-group list-group-flush"
                >
                  <li
                    class="nav-item list-group-item"
                  >
                    <a
                      class="lh-sm"
                      href="/3"
                    >
                      <h5>
                        Stamm LLC
                      </h5>
                      <span
                        class="text-muted"
                      >
                        Multi-channelled 3rd generation attitude
                      </span>
                    </a>
                  </li>
                  <li
                    class="nav-item list-group-item"
                  >
                    <a
                      class="lh-sm"
                      href="/8"
                    >
                      <h5>
                        Wuckert LLC
                      </h5>
                      <span
                        class="text-muted"
                      >
                        Advanced national core
                      </span>
                    </a>
                  </li>
                  <li
                    class="nav-item list-group-item"
                  >
                    <a
                      class="lh-sm"
                      href="/17"
                    >
                      <h5>
                        Ullrich LLC
                      </h5>
                      <span
                        class="text-muted"
                      >
                        Reverse-engineered encompassing monitoring
                      </span>
                    </a>
                  </li>
                </ul>
              </article>
            </div>
            <div
              class="col-12 col-lg-9"
            />
          </div>
        </div>
      </section>
    </div>
  </body>,
  "container": <div>
    <section
      class="container-fluid data-view h-100 overflow-hidden"
    >
      <header
        class="mb-3 row"
      >
        <h3
          class="col-sm-2"
        >
          Records
        </h3>
        <div
          class="col-sm-8"
        >
          <input
            class="form-control"
            name="search"
            placeholder="Search..."
            required=""
            type="search"
            value="LLC"
          />
        </div>
        <div
          class="d-flex align-items-center col-sm-2"
        >
          <button
            class="ms-auto btn btn-primary btn-sm"
            type="button"
          >
            Add record
          </button>
        </div>
      </header>
      <div
        class="card"
      >
        <div
          class="row h-100 overflow-hidden"
        >
          <div
            class="col-3 d-none d-lg-block h-100 overflow-scroll"
          >
            <article
              class="list-view"
            >
              <header
                class="visually-hidden"
              >
                <h4>
                  List of records
                </h4>
              </header>
              <ul
                class="list-group list-group-flush"
              >
                <li
                  class="nav-item list-group-item"
                >
                  <a
                    class="lh-sm"
                    href="/3"
                  >
                    <h5>
                      Stamm LLC
                    </h5>
                    <span
                      class="text-muted"
                    >
                      Multi-channelled 3rd generation attitude
                    </span>
                  </a>
                </li>
                <li
                  class="nav-item list-group-item"
                >
                  <a
                    class="lh-sm"
                    href="/8"
                  >
                    <h5>
                      Wuckert LLC
                    </h5>
                    <span
                      class="text-muted"
                    >
                      Advanced national core
                    </span>
                  </a>
                </li>
                <li
                  class="nav-item list-group-item"
                >
                  <a
                    class="lh-sm"
                    href="/17"
                  >
                    <h5>
                      Ullrich LLC
                    </h5>
                    <span
                      class="text-muted"
                    >
                      Reverse-engineered encompassing monitoring
                    </span>
                  </a>
                </li>
              </ul>
            </article>
          </div>
          <div
            class="col-12 col-lg-9"
          />
        </div>
      </div>
    </section>
  </div>,
  "debug": [Function],
  "findAllByAltText": [Function],
  "findAllByDisplayValue": [Function],
  "findAllByLabelText": [Function],
  "findAllByPlaceholderText": [Function],
  "findAllByRole": [Function],
  "findAllByTestId": [Function],
  "findAllByText": [Function],
  "findAllByTitle": [Function],
  "findByAltText": [Function],
  "findByDisplayValue": [Function],
  "findByLabelText": [Function],
  "findByPlaceholderText": [Function],
  "findByRole": [Function],
  "findByTestId": [Function],
  "findByText": [Function],
  "findByTitle": [Function],
  "getAllByAltText": [Function],
  "getAllByDisplayValue": [Function],
  "getAllByLabelText": [Function],
  "getAllByPlaceholderText": [Function],
  "getAllByRole": [Function],
  "getAllByTestId": [Function],
  "getAllByText": [Function],
  "getAllByTitle": [Function],
  "getByAltText": [Function],
  "getByDisplayValue": [Function],
  "getByLabelText": [Function],
  "getByPlaceholderText": [Function],
  "getByRole": [Function],
  "getByTestId": [Function],
  "getByText": [Function],
  "getByTitle": [Function],
  "queryAllByAltText": [Function],
  "queryAllByDisplayValue": [Function],
  "queryAllByLabelText": [Function],
  "queryAllByPlaceholderText": [Function],
  "queryAllByRole": [Function],
  "queryAllByTestId": [Function],
  "queryAllByText": [Function],
  "queryAllByTitle": [Function],
  "queryByAltText": [Function],
  "queryByDisplayValue": [Function],
  "queryByLabelText": [Function],
  "queryByPlaceholderText": [Function],
  "queryByRole": [Function],
  "queryByTestId": [Function],
  "queryByText": [Function],
  "queryByTitle": [Function],
  "rerender": [Function],
  "unmount": [Function],
}
`;
